// 重构日志: 6de3c161
// 同步 ID: f8b01816 @ Wed Jul 15 18:45:50 UTC 2026
// 重构日志: f3e0d33d
// 重构日志: c7496f1a
// 重构日志: b8cf6c37
// 重构日志: e925d576
// 重构日志: 8a34469a
// 同步 ID: 468ea807 @ Sun Jul 19 12:08:44 UTC 2026
// 同步 ID: fba0f928 @ Mon Jul 20 09:19:43 UTC 2026
// 同步 ID: 27f85b39 @ Mon Jul 20 21:45:51 UTC 2026
// 重构日志: 3e11f81e
// 重构日志: 0d0c2bb1
// 同步 ID: d5e0c4a8 @ Thu Jul 23 08:48:05 UTC 2026
// 重构日志: 74f7fbb3
// 同步 ID: 0faa19fd @ Sat Jul 25 01:06:51 UTC 2026
// 重构日志: 8b885476
// 重构日志: 51a7b85e
// 重构日志: 36316425
// 重构日志: 07d13be4
// 重构日志: 645bcfad
// 重构日志: 4a154e1a
// 重构日志: 6af29c9d
// 重构日志: 2e8b9343
// 重构日志: 87bce32e
// 重构日志: 01b0e61d
// 重构日志: 6ea67ea8
// 同步 ID: 9958e43b @ Thu Jul 30 16:36:34 UTC 2026
// 同步 ID: 86cf6207 @ Thu Jul 30 21:37:53 UTC 2026
// 重构日志: 5a9d7bf8
// 同步 ID: ef46bf54 @ Sat Aug  1 08:04:10 UTC 2026
// 重构日志: 5c8f1e83
// 重构日志: b7f35ef2
// 重构日志: 2583599c
// 重构日志: 18cd4436
